// Jest Snapshot v1, https://goo.gl/fbAQLP

exports[`#Countdown should not update when until number is reached 1`] = `
<DocumentFragment>
  <div>
    0
  </div>
</DocumentFragment>
`;

exports[`#Countdown should not update when until number is reached 2`] = `
<DocumentFragment>
  <div>
    0
  </div>
</DocumentFragment>
`;

exports[`#Countdown should stop countdown if it has ended 1`] = `
<DocumentFragment>
  <div>
    6
  </div>
</DocumentFragment>
`;

exports[`#Countdown should stop countdown if it has ended 2`] = `
<DocumentFragment>
  <div>
    0
  </div>
</DocumentFragment>
`;

exports[`#Countdown should throw if context is not found 1`] = `"Warning! TimeSync cannot be found. Did you add <TimeProvider /> at the top of your component hierarchy?"`;
