// Jest Snapshot v1, https://goo.gl/fbAQLP

exports[`#Timed should respect prop updates 1`] = `
<DocumentFragment>
  <div>
    0
  </div>
</DocumentFragment>
`;

exports[`#Timed should respect prop updates 2`] = `
<DocumentFragment>
  <div>
    1
  </div>
</DocumentFragment>
`;

exports[`#Timed should respect prop updates 3`] = `
<DocumentFragment>
  <div>
    2
  </div>
</DocumentFragment>
`;

exports[`#Timed should respect prop updates 4`] = `
<DocumentFragment>
  <div>
    0
  </div>
</DocumentFragment>
`;

exports[`#Timed should respect prop updates 5`] = `
<DocumentFragment>
  <div>
    300
  </div>
</DocumentFragment>
`;
